2026-02-26 18:06:21.738937 | помощ | 
📖 Налични команди:
- Добави клуб Левски
- Покажи всички клубове
- Изтрий клуб Левски
- помощ
- изход

2026-02-26 18:06:35.930295 | Добави клуб Левски | ✅ Клуб 'левски' е добавен.
2026-02-26 18:07:51.153437 | помощ | 
📖 Налични команди:
- Добави клуб Левски
- Покажи всички клубове
- Изтрий клуб Левски
- помощ
- изход

2026-02-26 18:07:56.905471 | помощ | 
📖 Налични команди:
- Добави клуб Левски
- Покажи всички клубове
- Изтрий клуб Левски
- помощ
- изход

2026-02-26 18:08:08.970481 | добави клуб ЦСК | ✅ Клуб 'цск' е добавен.
2026-02-26 18:19:20.184747 | помощ | 
📖 Налични команди:
- Добави клуб <име>
- Покажи всички клубове
- Изтрий клуб <име>
- Преименувай клуб <старо име> <ново име>
- Покажи клуб <име>
- Брой клубове
- Добави играч <име> <YYYY-MM-DD> към клуб <име на клуб>
- Изтрий играч <име>
- Покажи всички играчи
- помощ
- изход

2026-02-26 18:19:46.241360 | Добави клуб Левски | ❌ Грешка или клубът вече съществува.
2026-02-26 18:20:08.377268 | Добави клуб Черно Морее | ✅ Клуб 'черно морее' е добавен.
2026-02-26 18:20:43.288399 | Преименувай клуб черно морее черно море | ❓ Не разбирам командата.
2026-02-26 18:20:56.848876 | Преименувай клуб черно морее | ❓ Не разбирам командата.
2026-02-26 18:21:05.808533 | ПРЕИМЕНУВАЙ КЛУБ  | ❓ Не разбирам командата.
2026-02-26 18:21:15.951716 | ПОМОЩ | 
📖 Налични команди:
- Добави клуб <име>
- Покажи всички клубове
- Изтрий клуб <име>
- Преименувай клуб <старо име> <ново име>
- Покажи клуб <име>
- Брой клубове
- Добави играч <име> <YYYY-MM-DD> към клуб <име на клуб>
- Изтрий играч <име>
- Покажи всички играчи
- помощ
- изход

2026-02-26 18:22:52.071544 | помощ | 
📖 Налични команди:
- Добави клуб <име>
- Покажи всички клубове
- Изтрий клуб <име>
- Добави играч <име> <YYYY-MM-DD> към клуб <име на клуб>
- Изтрий играч <име>
- Покажи всички играчи
- помощ
- изход

2026-02-26 18:23:02.631995 | Добави клуб Спартак | ✅ Клуб 'спартак' е добавен.
2026-02-26 18:23:14.016514 | Покажи всички клубове | 📋 Списък с клубове:
- Левски София
- левски
- цск
- черно морее
- спартак

2026-02-26 18:23:35.159911 | изтрий клуб черно морее | 🗑️ Клуб 'черно морее' е изтрит (ако е съществувал).
2026-02-26 18:23:45.542223 | помощ | 
📖 Налични команди:
- Добави клуб <име>
- Покажи всички клубове
- Изтрий клуб <име>
- Добави играч <име> <YYYY-MM-DD> към клуб <име на клуб>
- Изтрий играч <име>
- Покажи всички играчи
- помощ
- изход

2026-02-26 18:23:49.062885 | покажи | ❓ Не разбирам командата.
2026-02-26 18:23:55.712041 | покажи всички клубове | 📋 Списък с клубове:
- Левски София
- левски
- цск
- спартак

2026-02-26 18:24:02.342443 | помош | ❓ Не разбирам командата.
2026-02-26 18:24:10.325788 | помощ | 
📖 Налични команди:
- Добави клуб <име>
- Покажи всички клубове
- Изтрий клуб <име>
- Добави играч <име> <YYYY-MM-DD> към клуб <име на клуб>
- Изтрий играч <име>
- Покажи всички играчи
- помощ
- изход

2026-02-26 18:36:45.345307 | добави играч Йоан 2008-09-24 към клуб спартак | ❌ Грешка при добавяне на играч.
2026-02-26 18:37:24.583991 | изход | 👋 Изход от системата.
2026-02-26 18:37:41.751813 | помощ | 
📖 Налични команди:
- Добави клуб <име>
- Покажи всички клубове
- Изтрий клуб <име>
- Добави играч <име> към клуб <име на клуб>
- Изтрий играч <име>
- Покажи всички играчи
- помощ
- изход

2026-02-26 18:37:49.719007 | Добави клуб Ботев | ✅ Клуб 'ботев' е добавен.
2026-02-26 18:37:56.984233 | Покажи вси1к | ❓ Не разбирам командата.
2026-02-26 18:38:04.545656 | Покажи всички клубове | 📋 Списък с клубове:
- Левски София
- левски
- цск
- спартак
- ботев

2026-02-26 18:38:39.806645 | помощ | 
📖 Налични команди:
- Добави клуб <име>
- Покажи всички клубове
- Изтрий клуб <име>
- Добави играч <име> към клуб <име на клуб>
- Изтрий играч <име>
- Покажи всички играчи
- помощ
- изход

2026-02-26 18:39:09.071777 | добави играч Алекс към клуб Спартак | ❌ Грешка при добавяне на играч.
2026-02-26 18:39:34.830806 | изход | 👋 Изход от системата.
2026-02-26 18:40:23.702382 | помощ | 
📖 Налични команди:
- Добави клуб <име>
- Покажи всички клубове
- Изтрий клуб <име>
- Добави играч <име> към клуб <име на клуб>
- Изтрий играч <име>
- Покажи всички играчи
- помощ
- изход

2026-02-26 18:40:39.824341 | добави играч Йоан към клуб спартак | ❌ Грешка при добавяне на играч.
2026-02-26 18:42:11.597945 | помощ | 
📖 Налични команди:
- Добави клуб <име>
- Покажи всички клубове
- Изтрий клуб <име>
- Добави играч <име> към клуб <име на клуб>
- Изтрий играч <име>
- Покажи всички играчи
- помощ
- изход

2026-02-26 18:42:31.839568 | добави играч Александър към клуб Левски | ❌ Грешка при добавяне на играч.
2026-02-26 18:48:23.991327 | добави клуб Левски | ✅ Клуб 'левски' е добавен.
2026-02-26 18:48:23.993893 | добави играч Александър към клуб Левски | ❌ Грешка при добавяне на играч.
2026-02-26 18:48:23.994545 | покажи всички клубове | 📋 Списък с клубове:
- левски

2026-02-26 18:49:01.428101 | покажи всички играчипомощ | ⚠️ Няма добавени играчи.
2026-02-26 18:49:19.018906 | помощ | 
📖 Налични команди:
- Добави клуб <име>
- Покажи всички клубове
- Изтрий клуб <име>
- Добави играч <име> към клуб <име на клуб>
- Изтрий играч <име>
- Покажи всички играчи
- помощ
- изход

2026-02-26 18:49:41.476215 | добави играч Алекс към клуб Левски | ❌ Грешка при добавяне на играч.
2026-02-26 18:50:23.994515 | помощ | 
📖 Налични команди:
- Добави клуб <име>
- Покажи всички клубове
- Изтрий клуб <име>
- Добави играч <име> към клуб <име на клуб>
- Изтрий играч <име>
- Покажи всички играчи
- помощ
- изход

2026-02-26 18:50:40.835583 | добави играч Алекс към клуб Спартак | ❌ Клуб 'спартак' не е намерен.
2026-02-26 18:50:58.851087 | добави играч Алекс към клуб Левски | ❌ Грешка при добавяне на играч.
2026-03-18 16:22:03.170674 | помощ | 
📖 Налични команди:
- Добави клуб <име>
- Покажи всички клубове
- Изтрий клуб <име>
- Добави играч <име> към клуб <име на клуб>
- Изтрий играч <име>
- Покажи всички играчи
- помощ
- изход

2026-03-18 16:22:04.747449 | добави клуб Левски | ❌ Грешка или клубът вече съществува.
2026-03-18 16:22:04.749581 | добави играч Александър към клуб Левски | ❌ Грешка при добавяне на играч.
2026-03-18 16:22:04.750749 | покажи всички клубове | 📋 Списък с клубове:
- левски
- локомотив пловдив

2026-03-18 16:27:38.501069 | помощ | 
📖 Налични команди:
- Добави клуб <име>
- Покажи всички клубове
- Изтрий клуб <име>
- Добави играч <име> към клуб <име на клуб>
- Изтрий играч <име>
- Покажи всички играчи
- помощ
- изход

2026-03-18 16:27:42.839182 | добави играч Меси номер 10 към клуб Левски | ❌ Грешка при добавяне.
2026-03-18 16:33:20.422556 | добави играч Меси номер 10 към клуб Левски | ❌ Клуб 'левски' не е намерен.
2026-03-18 16:33:36.294496 | добави клуб Левски | ✅ Клуб 'левски' е добавен.
2026-03-18 17:02:09.669723 | помощ | 
📖 Налични команди:
- Добави клуб <име>
- Покажи всички клубове
- Изтрий клуб <име>
- Добави играч <име> към клуб <име на клуб>
- Изтрий играч <име>
- Покажи всички играчи
- помощ
- изход

2026-03-18 17:02:17.999971 | покажи всички играчи | ⚠️ Няма играчи.
2026-03-18 17:02:41.312891 | добави играч Алекс към клуб Левски | ✅ Играч 'алекс' е добавен.
2026-03-18 17:02:52.423300 | покажи всички играчи | 📋 Играчи:
- алекс | №- | левски

2026-03-18 17:03:29.254317 | Добави играч Боян номер 1 към клуб Левски | ✅ Играч 'боян' е добавен.
2026-03-18 17:03:37.232360 | покажи всички играчи | 📋 Играчи:
- алекс | №- | левски
- боян | №1 | левски

2026-03-18 17:12:07.613311 | помощ | 
📖 Налични команди:
- Добави клуб <име>
- Покажи всички клубове
- Изтрий клуб <име>
- Добави играч <име> номер <номер> към клуб <име на клуб>
- Изтрий играч <име>
- Покажи всички играчи
- помощ
- изход

2026-03-18 17:12:18.862400 | добави играч Меси в Левски позиция FW номер 10 | ❓ Не разбирам командата.
2026-03-18 17:16:49.501616 | помощ | 
📖 Налични команди:
- Добави клуб <име>
- Покажи всички клубове
- Изтрий клуб <име>
- Добави играч <име> номер <номер> към клуб <име на клуб>
- Изтрий играч <име>
- Покажи всички играчи
- помощ
- изход

2026-03-18 17:16:51.657962 | user_input = "добави играч Меси в Левски позиция FW номер 10" | ❓ Не разбирам командата.
2026-03-18 17:16:51.658365 | intent, param = parse_command(user_input) | ❓ Не разбирам командата.
2026-03-18 17:16:51.658674 | response = handle_intent(intent, param) | ❓ Не разбирам командата.
2026-03-18 17:17:05.197403 | print(response)  # ✅ Играчът е добавен.добави играч Меси в Левски позиция FW номер 10 | ❓ Не разбирам командата.
2026-03-18 17:19:40.493680 | помощ | 📋 Достъпни команди:
- добави клуб <име>
- покажи всички клубове
- изтрий клуб <име>
- добави играч <име> в <клуб> позиция <GK|DF|MF|FW> номер <номер>
- покажи играчи на <клуб>
- смени номер на <име> на <номер>
- изтрий играч <име>
- помощ / help
- изход / exit
2026-03-18 17:19:51.073696 | добави клуб Левски | ✅ Клуб 'Левски' е добавен.
2026-03-18 17:19:51.083361 | добави клуб ЦСКА | ✅ Клуб 'ЦСКА' е добавен.
2026-03-18 17:19:51.092470 | добави играч Меси в Левски позиция FW номер 10 | ✅ Играчът е добавен.
2026-03-18 17:19:51.103244 | добави играч Роналдо в Левски позиция FW номер 7 | ✅ Играчът е добавен.
2026-03-18 17:19:51.105194 | покажи всички клубове | 📋 Списък с клубове:
- Левски
- ЦСКА

2026-03-18 17:19:51.105898 | покажи играчи на Левски | 📋 Играчи:
- Меси | FW | №10 | Левски
- Роналдо | FW | №7 | Левски

2026-03-18 17:19:51.113242 | смени номер на Меси на 11 | ✅ Номерът е обновен.
2026-03-18 17:19:51.121554 | изтрий играч Роналдо | ✅ Играчът е изтрит.
2026-03-18 17:19:51.129765 | изтрий клуб ЦСКА | 🗑️ Клуб 'ЦСКА' е изтрит (ако е съществувал).
2026-03-18 17:19:51.130056 | помощ | 📋 Достъпни команди:
- добави клуб <име>
- покажи всички клубове
- изтрий клуб <име>
- добави играч <име> в <клуб> позиция <GK|DF|MF|FW> номер <номер>
- покажи играчи на <клуб>
- смени номер на <име> на <номер>
- изтрий играч <име>
- помощ / help
- изход / exit
2026-03-25 17:06:16.175374 | ????? | ❓ Не разбирам командата.
2026-03-25 17:06:31.904006 | ????? | ❓ Не разбирам командата.
2026-03-25 17:06:31.904734 | exit | ⚡ Изход от чатбота. До скоро!
2026-03-25 17:06:44.546415 | ?????? ???? Real Madrid | ❓ Не разбирам командата.
2026-03-25 17:06:44.547148 | exit | ⚡ Изход от чатбота. До скоро!
2026-03-25 17:07:47.802459 | ???????????? ???????? Real Madrid | ❓ Не разбирам командата.
2026-03-25 17:07:47.803231 | help | 📋 Достъпни команди:
- добави клуб <име>
- покажи всички клубове
- изтрий клуб <име>
- добави играч <име> в <клуб> позиция <GK|DF|MF|FW> номер <номер>
- покажи играчи на <клуб>
- смени номер на <име> на <номер>
- изтрий играч <име>
- помощ / help
- изход / exit
2026-03-25 17:07:47.804059 | exit | ⚡ Изход от чатбота. До скоро!
2026-03-25 17:09:10.200511 | ?????? ???? Manchester United | ❓ Не разбирам командата.
2026-03-25 17:09:10.201195 | help | 📋 Достъпни команди:
- добави клуб <име>
- покажи всички клубове
- изтрий клуб <име>
- добави играч <име> в <клуб> позиция <GK|DF|MF|FW> номер <номер>
- покажи играчи на <клуб>
- смени номер на <име> на <номер>
- изтрий играч <име>
- помощ / help
- изход / exit
2026-03-25 17:09:10.201825 | exit | ⚡ Изход от чатбота. До скоро!
2026-03-25 17:12:11.240414 | помощ | 📋 Достъпни команди:
- добави клуб <име>
- покажи всички клубове
- изтрий клуб <име>
- добави играч <име> в <клуб> позиция <GK|DF|MF|FW> номер <номер>
- покажи играчи на <клуб>
- смени номер на <име> на <номер>
- изтрий играч <име>
- помощ / help
- изход / exit
2026-03-25 17:21:47.347082 | добави клуб Левски | ❌ Грешка или клубът вече съществува.
2026-03-25 17:21:47.348092 | добави клуб Лудогорец | ❌ Грешка или клубът вече съществува.
2026-03-25 17:21:47.356639 | добави играч Иван Петров в Левски позиция FW номер 9 | ✅ Играчът е добавен.
2026-03-25 17:21:47.359032 | трансфер Иван Петров от Левски в Лудогорец 2026-03-25 | ❌ Играчът не е в този клуб.
2026-03-25 17:21:47.360727 | покажи трансфери на Иван Петров | 📋 Трансфери:
- 2026-03-25: Левски → Лудогорец

2026-03-25 17:21:47.361475 | помощ | 📋 Достъпни команди:
--- Клубове ---
- добави клуб <име>
- покажи всички клубове
- изтрий клуб <име>
--- Играчи ---
- добави играч <име> в <клуб> позиция <GK|DF|MF|FW> номер <номер>
- покажи играчи на <клуб>
- смени номер на <име> на <номер>
- изтрий играч <име>
--- Трансфери ---
- трансфер <име играч> от <клуб> в <клуб> <дата YYYY-MM-DD>
- покажи трансфери на <име играч или клуб>
--- Система ---
- помощ / help
- изход / exit
2026-03-25 17:22:04.742300 | покажи всички клубове | 📋 Списък с клубове:
- Real Madrid
- Arsenal
- Левски
- Лудогорец
- ЦСКА
- Славия

2026-03-25 17:22:28.580772 | изтрий клуб Real Madrid | 🗑️ Клуб 'Real Madrid' е изтрит (ако е съществувал).
2026-03-25 17:22:41.599010 | изтрий клуб Левски | 🗑️ Клуб 'Левски' е изтрит (ако е съществувал).
2026-03-25 17:22:51.839480 | добави клуб Левски | ✅ Клуб 'Левски' е добавен.
2026-03-25 17:23:13.604737 | добави играч Иван Иванов в Левски позиция FW номер 12 | ✅ Играчът е добавен.
2026-03-25 17:23:34.068431 | добави играч Иван Иванов в Левски позиция FW номер 9 | ✅ Играчът е добавен.
2026-03-25 17:23:51.957273 | покажи трансфери на Иван Иванов | ⚠️ Няма трансфери.
2026-03-25 17:24:17.689683 | трансфер Иван Иванов от Левски в Лудогорец 2026-03-25 | ✅ Трансфер успешен: Иван Иванов от Левски в Лудогорец (2026-03-25)
2026-03-25 17:24:23.828929 | покажи трансфери на Иван Иванов | 📋 Трансфери:
- 2026-03-25: Левски → Лудогорец

2026-04-01 15:42:14.331353 | Помощ | help | OK | 📋 Достъпни команди:
--- Клубове ---
- добави клуб <име>
- покажи всички клубове
- изтрий клуб <име>
--- Играчи ---
- добави играч <име> в <клуб> позиция <GK|DF|MF|FW> номер <номер>
- покажи играчи на <клуб>
- смени номер на <име> на <номер>
- изтрий играч <име>
--- Трансфери ---
- трансфер <име играч> от <клуб> в <клуб> <дата YYYY-MM-DD>
- покажи трансфери на <име играч или клуб>
--- Лиги ---
- създай лига <име> <сезон>
- добави отбор <клуб> в лига <име> <сезон>
- премахни отбор <клуб> от лига <име> <сезон>
- покажи отбори в лига <име> <сезон>
- генерирай програма <име> <сезон>
--- Система ---
- помощ / help
- изход / exit
2026-04-22 16:39:36.258091 | помо | None | OK | ❓ Не разбирам командата.
2026-04-22 16:39:42.919723 | помощ | help | OK | 📋 Достъпни команди:
--- Клубове ---
- добави клуб <име>
- покажи всички клубове
- изтрий клуб <име>
--- Играчи ---
- добави играч <име> в <клуб> позиция <GK|DF|MF|FW> номер <номер>
- покажи играчи на <клуб>
- смени номер на <име> на <номер>
- изтрий играч <име>
--- Трансфери ---
- трансфер <име играч> от <клуб> в <клуб> <дата YYYY-MM-DD>
- покажи трансфери на <име играч или клуб>
--- Лиги ---
- създай лига <име> <сезон>
- добави отбор <клуб> в лига <име> <сезон>
- премахни отбор <клуб> от лига <име> <сезон>
- покажи отбори в лига <име> <сезон>
- генерирай програма <име> <сезон>
--- Мачове ---
- покажи кръг <N> <лига> <сезон>
- резултат <Домакин>-<Гост> <X>:<Y> запиши
- избери мач <match_id>
- гол <Играч> <Отбор> <минута> минута
- картон <Играч> <Отбор> <Y/R> <минута>
- покажи събития [или <match_id>]
--- Система ---
- помощ / help
- изход / exit
2026-05-13 16:20:20.959835 | помощ | help | OK | 📋 Достъпни команди:
--- Клубове ---
- добави клуб <име>
- покажи всички клубове
- изтрий клуб <име>
--- Играчи ---
- добави играч <име> в <клуб> позиция <GK|DF|MF|FW> номер <номер>
- покажи играчи на <клуб>
- смени номер на <име> на <номер>
- изтрий играч <име>
--- Трансфери ---
- трансфер <име играч> от <клуб> в <клуб> <дата YYYY-MM-DD>
- покажи трансфери на <име играч или клуб>
--- Лиги ---
- създай лига <име> <сезон>
- добави отбор <клуб> в лига <име> <сезон>
- премахни отбор <клуб> от лига <име> <сезон>
- покажи отбори в лига <име> <сезон>
- генерирай програма <име> <сезон>
--- Мачове ---
- покажи кръг <N> <лига> <сезон>
- резултат <Домакин>-<Гост> <X>:<Y> запиши
- избери мач <match_id>
- гол <Играч> <Отбор> <минута> минута
- картон <Играч> <Отбор> <Y/R> <минута>
- покажи събития [или <match_id>]
--- Система ---
- помощ / help
- изход / exit
2026-05-13 16:36:46.003844 | помощ | help | OK | 📋 Достъпни команди:
--- Клубове ---
- добави клуб <име>
- покажи всички клубове
- изтрий клуб <име>
--- Играчи ---
- добави играч <име> в <клуб> позиция <GK|DF|MF|FW> номер <номер>
- покажи играчи на <клуб>
- смени номер на <име> на <номер>
- изтрий играч <име>
--- Трансфери ---
- трансфер <име играч> от <клуб> в <клуб> <дата YYYY-MM-DD>
- покажи трансфери на <име играч или клуб>
--- Лиги ---
- създай лига <име> <сезон>
- добави отбор <клуб> в лига <име> <сезон>
- премахни отбор <клуб> от лига <име> <сезон>
- покажи отбори в лига <име> <сезон>
- генерирай програма <име> <сезон>
--- Мачове ---
- покажи кръг <N> <лига> <сезон>
- резултат <Домакин>-<Гост> <X>:<Y> запиши
- избери мач <match_id>
- гол <Играч> <Отбор> <минута> минута
- картон <Играч> <Отбор> <Y/R> <минута>
- покажи събития [или <match_id>]
--- Класиране ---
- покажи класиране <лига> <сезон>
--- Система ---
- помощ / help
- изход / exit
[2026-05-13 16:38:22] ERROR: show_standings Първа лига 2025/2026 | ❌ Лигата 'Първа лига' сезон '2025/2026' не съществува.
2026-05-13 16:38:22.284529 | Покажи класиране Първа лига 2025/2026 | show_standings | ERROR | ❌ Лигата 'Първа лига' сезон '2025/2026' не съществува.
2026-05-13 16:39:05.113532 | покажи всички клубове | list_clubs | OK | 📋 Списък с клубове:
- Arsenal
- Liverpool
- Chelsea
- Man United
- TeamA
- TeamB
- TeamC
- TeamD
- Club1
- Club2
- Club3

2026-05-13 16:39:31.532354 | Добави лига Premier League сезон 2025/2026 | None | OK | ❓ Не разбирам командата.
2026-05-13 16:41:12.684665 | създай лига PremierLeague 2025/2026 | create_league | OK | ✅ Лигата 'PremierLeague' за сезон '2025/2026' е създадена с ID 15.
2026-05-13 16:41:20.147211 | добави отбор Arsenal в лига PremierLeague 2025/2026 | add_team_to_league | OK | ✅ Клубът 'Arsenal' е добавен в лигата 'PremierLeague' 2025/2026.
2026-05-13 16:41:26.044864 | добави отбор Liverpool в лига PremierLeague 2025/2026 | add_team_to_league | OK | ✅ Клубът 'Liverpool' е добавен в лигата 'PremierLeague' 2025/2026.
2026-05-13 16:41:31.397733 | добави отбор Chelsea в лига PremierLeague 2025/2026 | add_team_to_league | OK | ✅ Клубът 'Chelsea' е добавен в лигата 'PremierLeague' 2025/2026.
2026-05-13 16:41:36.512001 | добави отбор Man United в лига PremierLeague 2025/2026 | add_team_to_league | OK | ✅ Клубът 'Man United' е добавен в лигата 'PremierLeague' 2025/2026.
2026-05-13 16:41:41.308610 | добави отбор TeamA в лига PremierLeague 2025/2026 | add_team_to_league | OK | ✅ Клубът 'TeamA' е добавен в лигата 'PremierLeague' 2025/2026.
2026-05-13 16:41:45.978524 | добави отбор TeamB в лига PremierLeague 2025/2026 | add_team_to_league | OK | ✅ Клубът 'TeamB' е добавен в лигата 'PremierLeague' 2025/2026.
2026-05-13 16:41:50.155150 | добави отбор TeamC в лига PremierLeague 2025/2026 | add_team_to_league | OK | ✅ Клубът 'TeamC' е добавен в лигата 'PremierLeague' 2025/2026.
2026-05-13 16:41:57.270852 | добави отбор TeamD в лига PremierLeague 2025/2026 | add_team_to_league | OK | ✅ Клубът 'TeamD' е добавен в лигата 'PremierLeague' 2025/2026.
2026-05-13 16:42:02.158319 | добави отбор Club1 в лига PremierLeague 2025/2026 | add_team_to_league | OK | ✅ Клубът 'Club1' е добавен в лигата 'PremierLeague' 2025/2026.
2026-05-13 16:42:06.798153 | добави отбор Club2 в лига PremierLeague 2025/2026 | add_team_to_league | OK | ✅ Клубът 'Club2' е добавен в лигата 'PremierLeague' 2025/2026.
2026-05-13 16:42:11.150182 | добави отбор Club3 в лига PremierLeague 2025/2026 | add_team_to_league | OK | ✅ Клубът 'Club3' е добавен в лигата 'PremierLeague' 2025/2026.
2026-05-13 16:42:18.664900 | покажи отбори в лига PremierLeague 2025/2026 | show_teams_in_league | OK | 📋 Отбори в лигата 'PremierLeague' 2025/2026:
- 1: Arsenal
- 2: Liverpool
- 3: Chelsea
- 4: Man United
- 21: TeamA
- 22: TeamB
- 23: TeamC
- 24: TeamD
- 45: Club1
- 46: Club2
- 47: Club3
2026-05-13 16:42:26.213078 | генерирай програма PremierLeague 2025/2026 | generate_schedule | OK | ✅ Програма за 'PremierLeague' 2025/2026 е генерирана.
Кръгове: 11
Общо мачове: 55
Примерен 1-ви кръг:
- Liverpool vs Club3
- Chelsea vs Club2
- Man United vs Club1
- TeamA vs TeamD
- TeamB vs TeamC
2026-05-13 16:42:38.824285 | покажи кръг 1 PremierLeague 2025/2026 | show_round | OK | 📋 Кръг 1 - PremierLeague 2025/2026:
- #18: Liverpool - Club3
- #19: Chelsea - Club2
- #20: Man United - Club1
- #21: TeamA - TeamD
- #22: TeamB - TeamC
2026-05-13 16:42:48.738860 | резултат Arsenal-Liverpool 2:1 запиши | record_score | ERROR | ❌ Има няколко мача между 'Arsenal' и 'Liverpool'. Посочи лига/кръг.
2026-05-13 16:42:57.705405 | резултат Chelsea-Man United 0:0 запиши | record_score | OK | ✅ Записано: Chelsea–Man United 0:0 (мач #37)
2026-05-13 16:43:03.124726 | резултат TeamA-TeamB 3:0 запиши | record_score | OK | ✅ Записано: TeamA–TeamB 3:0 (мач #27)
2026-05-13 16:43:15.492415 | резултат TeamC-TeamD 1:2 запиши | record_score | OK | ✅ Записано: TeamC–TeamD 1:2 (мач #72)
2026-05-13 16:43:20.693440 | резултат Club1-Club2 4:4 запиши | record_score | OK | ✅ Записано: Club1–Club2 4:4 (мач #62)
[2026-05-13 16:43:29] INPUT: show_standings PremierLeague 2025/2026 | INTENT: show_standings | PARAMS: PremierLeague 2025/2026 | STATUS: OK | RESULT: Standings calculated for 11 teams
2026-05-13 16:43:29.818319 | покажи класиране PremierLeague 2025/2026 | show_standings | OK | 📊 Класиране - PremierLeague 2025/2026:

1. TeamA                1  1  0  0  3:0   +3  3
2. TeamD                1  1  0  0  2:1   +1  3
3. Club1                1  0  1  0  4:4   +0  1
4. Club2                1  0  1  0  4:4   +0  1
5. Chelsea              1  0  1  0  0:0   +0  1
6. Man United           1  0  1  0  0:0   +0  1
7. Arsenal              0  0  0  0  0:0   +0  0
8. Club3                0  0  0  0  0:0   +0  0
9. Liverpool            0  0  0  0  0:0   +0  0
10. TeamC                1  0  0  1  1:2   -1  0
11. TeamB                1  0  0  1  0:3   -3  0
2026-05-13 16:44:23.226270 | резултат Liverpool-Arsenal 1:2 запиши | record_score | ERROR | ❌ Няма мач между 'Liverpool' и 'Arsenal'.
[2026-05-13 16:44:31] INPUT: show_standings PremierLeague 2025/2026 | INTENT: show_standings | PARAMS: PremierLeague 2025/2026 | STATUS: OK | RESULT: Standings calculated for 11 teams
2026-05-13 16:44:31.167829 | покажи класиране PremierLeague 2025/2026 | show_standings | OK | 📊 Класиране - PremierLeague 2025/2026:

1. TeamA                1  1  0  0  3:0   +3  3
2. TeamD                1  1  0  0  2:1   +1  3
3. Club1                1  0  1  0  4:4   +0  1
4. Club2                1  0  1  0  4:4   +0  1
5. Chelsea              1  0  1  0  0:0   +0  1
6. Man United           1  0  1  0  0:0   +0  1
7. Arsenal              0  0  0  0  0:0   +0  0
8. Club3                0  0  0  0  0:0   +0  0
9. Liverpool            0  0  0  0  0:0   +0  0
10. TeamC                1  0  0  1  1:2   -1  0
11. TeamB                1  0  0  1  0:3   -3  0
2026-05-13 16:44:42.116674 | резултат Arsenal-TeamA 1:5 запиши | record_score | OK | ✅ Записано: Arsenal–TeamA 1:5 (мач #53)
2026-05-13 16:44:46.428583 | резултат Liverpool-Club3 2:0 запиши | record_score | OK | ✅ Записано: Liverpool–Club3 2:0 (мач #18)
2026-05-13 16:45:07.974710 | избери мач 1 | select_match | OK | ✅ Текущият мач е зададен на #1: Arsenal vs Liverpool
2026-05-13 16:45:14.575635 | гол Saka Arsenal 23 минута | add_goal | ERROR | ❌ Играч 'Saka' не е намерен в клуб 'Arsenal'.
2026-05-13 16:45:22.016850 | покажи събития | show_events | OK | 📋 Събития за мач #1: Arsenal vs Liverpool
Няма събития.
[2026-05-13 16:45:30] INPUT: show_standings PremierLeague 2025/2026 | INTENT: show_standings | PARAMS: PremierLeague 2025/2026 | STATUS: OK | RESULT: Standings calculated for 11 teams
2026-05-13 16:45:30.488100 | покажи класиране PremierLeague 2025/2026 | show_standings | OK | 📊 Класиране - PremierLeague 2025/2026:

1. TeamA                2  2  0  0  8:1   +7  6
2. Liverpool            1  1  0  0  2:0   +2  3
3. TeamD                1  1  0  0  2:1   +1  3
4. Club1                1  0  1  0  4:4   +0  1
5. Club2                1  0  1  0  4:4   +0  1
6. Chelsea              1  0  1  0  0:0   +0  1
7. Man United           1  0  1  0  0:0   +0  1
8. TeamC                1  0  0  1  1:2   -1  0
9. Club3                1  0  0  1  0:2   -2  0
10. TeamB                1  0  0  1  0:3   -3  0
11. Arsenal              1  0  0  1  1:5   -4  0
